I'm sorry, but errors were detected in your script. Please correct the
errors listed below, and try again.


File "game/story/bermuda/chapter0_prologue.rpy", line 12: Line is indented, but the preceding ATL statement does not expect a block. Please check this line's indentation.
    for i in range(0,38):
    ^

Ren'Py Version: Ren'Py 8.0.3.22090809
Mon Nov 28 06:01:42 2022
